// Jest Snapshot v1, https://goo.gl/fbAQLP

exports[`verify value default grpd cookie 1`] = `
Object {
  "ads": true,
  "stats": true,
}
`;
