// Jest Snapshot v1, https://goo.gl/fbAQLP

exports[`test 1`] = `
<button
  class="gdpr_btn test"
>
  My Button
</button>
`;
